[17:00:43] Logging to mantel_run.log
========================================
  mantel_run  2026-09-09 17:00:43
  config=mantel.in
========================================
[17:00:45] [1/6] mantel_xml

Using:
    - scf path      : xml/scf.xml
    - bands path    : xml/bands.xml
    - nscf path     : xml/nscf.xml
[17:00:45] [1/6] done  (0s)
[17:00:45] [2/6] wfc2bin
[17:00:46] [2/6] done  (1s)
[17:00:46] [3/6] prepare_yambo
<frozen importlib._bootstrap>:491: RuntimeWarning: The global interpreter lock (GIL) has been enabled to load module 'netCDF4._netCDF4', which has not declared that it can run safely without the GIL. To override this behavior and keep the GIL disabled (at your own risk), run with PYTHON_GIL=0 or -Xgil=0.
Wrote: epsm1_unpadded.bin, yambo_qs.bin, yambo_Gs.bin
[17:00:47] [3/6] done  (1s)
[17:00:47] [4/6] mantel.x
[17:04:53] [4/6] done  (246s)
[17:04:53] [5/6] isoenergy.x
[17:04:55] [5/6] done  (2s)
[17:04:55] [6/6] mu.x
[17:04:55] [6/6] done  (0s)
========================================
  All steps completed.  Total: 252s
========================================
